% /usr/local/teTeX/share/texmf-var/fonts/map/dvipdfm/updmap/kanjix.map: maintained by the script updmap.
%   Don't change this file directly. Edit texmf/web2c/updmap.cfg
%   and run updmap to recreate this file.
cidgoth-h Identity-H :0:msgothic
cidgoth-v Identity-V :0:msgothic
cidmin-h Identity-H :0:msmincho
cidmin-v Identity-V :0:msmincho
futogo-b H FutoGoB101-Bold
futogo-b-v V FutoGoB101-Bold
futomin-b H FutoMinA101-Bold
futomin-b-v V FutoMinA101-Bold
gbm H :0:msgothic
gbmv V :0:msgothic
gtbbb-m H msgothic
gtbbb-m-v V msgothic
hgothb-h H :0:msgothic,Bold
hgothb-v V :0:msgothic,Bold
hgothr-h H :0:msgothic
hgothr-v V :0:msgothic
hkb H :0:msgothic
hkbv V :0:msgothic
hmgothr-h H :0:msmincho
hmgothr-v V :0:msmincho
hminb-h H :0:msmincho,Bold
hminb-v V :0:msmincho,Bold
hminr-h H :0:msmincho
hminr-v V :0:msmincho
hmr H :0:msmincho
hmrv V :0:msmincho
jun101-l H Jun101-Light
jun101-l-v V Jun101-Light
otf-ccgr-h Identity-H !STHeitiStd-Regular
otf-ccgr-v Identity-V !STHeitiStd-Regular
otf-ccmr-h Identity-H !STSong-Light
otf-ccmr-v Identity-V !STSong-Light
otf-cjgb-h Identity-H :0:msgothic,Bold
otf-cjgb-v Identity-V :0:msgothic,Bold
otf-cjgr-h Identity-H :0:msgothic
otf-cjgr-v Identity-V :0:msgothic
otf-cjmb-h Identity-H :0:msmincho,Bold
otf-cjmb-v Identity-V :0:msmincho,Bold
otf-cjmgr-h Identity-H :0:msmincho
otf-cjmgr-v Identity-V :0:msmincho
otf-cjmr-h Identity-H :0:msmincho
otf-cjmr-v Identity-V :0:msmincho
otf-ckgr-h Identity-H !HYGoThic-Medium
otf-ckgr-v Identity-V !HYGoThic-Medium
otf-ckmr-h Identity-H !HYSMyeongJo-Medium
otf-ckmr-v Identity-V !HYSMyeongJo-Medium
otf-ctgr-h Identity-H !MHei-Medium
otf-ctgr-v Identity-V !MHei-Medium
otf-ctmr-h Identity-H !MSung-Light
otf-ctmr-v Identity-V !MSung-Light
otf-ucgr-h UniGB-UTF16-H !STHeitiStd-Regular
otf-ucgr-v UniGB-UTF16-V !STHeitiStd-Regular
otf-ucmr-h UniGB-UTF16-H !STSong-Light
otf-ucmr-v UniGB-UTF16-V !STSong-Light
otf-ujgb-h UniJIS-UTF16-H :0:msgothic,Bold
otf-ujgb-v UniJIS-UTF16-V :0:msgothic,Bold
otf-ujgr-h UniJIS-UTF16-H :0:msgothic
otf-ujgr-v UniJIS-UTF16-V :0:msgothic
otf-ujmb-h UniJIS-UTF16-H :0:msmincho,Bold
otf-ujmb-v UniJIS-UTF16-V :0:msmincho,Bold
otf-ujmgr-h UniJIS-UTF16-H :0:msmincho
otf-ujmgr-v UniJIS-UTF16-V :0:msmincho
otf-ujmr-h UniJIS-UTF16-H :0:msmincho
otf-ujmr-v UniJIS-UTF16-V :0:msmincho
otf-ukgr-h UniKS-UTF16-H !HYGoThic-Medium
otf-ukgr-v UniKS-UTF16-V !HYGoThic-Medium
otf-ukmr-h UniKS-UTF16-H !HYSMyeongJo-Medium
otf-ukmr-v UniKS-UTF16-V !HYSMyeongJo-Medium
otf-utgr-h UniCNS-UTF16-H !MHei-Medium
otf-utgr-v UniCNS-UTF16-V !MHei-Medium
otf-utmr-h UniCNS-UTF16-H !MSung-Light
otf-utmr-v UniCNS-UTF16-V !MSung-Light
rml H :0:msmincho
rmlv V :0:msmincho
ryumin-l H msmincho
ryumin-l-v V msmincho
ugbm UniJIS-UTF16-H :0:msgothic
ugbmv UniJIS-UTF16-V :0:msgothic
unijgoth-h UniJIS-UTF16-H :0:msgothic
unijgoth-v UniJIS-UTF16-V :0:msgothic
unijmin-h UniJIS-UTF16-H :0:msmincho
unijmin-v UniJIS-UTF16-V :0:msmincho
upgbm-h UniJIS-UTF16-H :0:msgothic
upgbm-hq UniJIS-UCS2-H :0:msgothic
upgbm-v UniJIS-UTF16-V :0:msgothic
uphgothb-h UniJIS-UTF16-H :0:msgothic,Bold
uphgothb-v UniJIS-UTF16-V :0:msgothic,Bold
uphgothr-h UniJIS-UTF16-H :0:msgothic
uphgothr-v UniJIS-UTF16-V :0:msgothic
uphmgothr-h UniJIS-UTF16-H :0:msmincho
uphmgothr-v UniJIS-UTF16-V :0:msmincho
uphminb-h UniJIS-UTF16-H :0:msmincho,Bold
uphminb-v UniJIS-UTF16-V :0:msmincho,Bold
uphminr-h UniJIS-UTF16-H :0:msmincho
uphminr-v UniJIS-UTF16-V :0:msmincho
uphygt-h UniKS-UTF16-H !HYGoThic-Medium
uphygt-v UniKS-UTF16-V !HYGoThic-Medium
uphysmjm-h UniKS-UTF16-H !HYSMyeongJo-Medium
uphysmjm-v UniKS-UTF16-V !HYSMyeongJo-Medium
upmhm-h UniCNS-UTF16-H !MHei-Medium
upmhm-v UniCNS-UTF16-V !MHei-Medium
upmsl-h UniCNS-UTF16-H !MSung-Light
upmsl-v UniCNS-UTF16-V !MSung-Light
uprml-h UniJIS-UTF16-H :0:msmincho
uprml-hq UniJIS-UCS2-H :0:msmincho
uprml-v UniJIS-UTF16-V :0:msmincho
upstht-h UniGB-UTF16-H !STHeiti-Regular
upstht-v UniGB-UTF16-V !STHeiti-Regular
upstsl-h UniGB-UTF16-H !STSong-Light
upstsl-v UniGB-UTF16-V !STSong-Light
urml UniJIS-UTF16-H :0:msmincho
urmlv UniJIS-UTF16-V :0:msmincho
